// Jest Snapshot v1, https://goo.gl/fbAQLP

exports[`Tempo isPortrait = false MouseEvent mouseDown => mouseMove => mouseUp 1`] = `
<Tempo
  isHandlerEnabled={true}
  maxDelta={100}
  range={
    Object {
      "from": 50,
      "to": 200,
    }
  }
  role="from"
  tempo={80}
>
  <div
    className="from"
    onMouseDown={[Function]}
    onMouseMove={[Function]}
    onMouseUp={[Function]}
    onTouchEnd={[Function]}
    onTouchMove={[Function]}
    onTouchStart={[Function]}
  >
    <span
      className="tempoValue"
    >
      120
    </span>
  </div>
</Tempo>
`;

exports[`Tempo isPortrait = false MouseEvent mouseDown => mouseMove 1`] = `
<Tempo
  isHandlerEnabled={true}
  maxDelta={100}
  range={
    Object {
      "from": 50,
      "to": 200,
    }
  }
  role="from"
  tempo={80}
>
  <div
    className="from"
    onMouseDown={[Function]}
    onMouseMove={[Function]}
    onMouseUp={[Function]}
    onTouchEnd={[Function]}
    onTouchMove={[Function]}
    onTouchStart={[Function]}
  >
    <span
      className="tempoValue"
    >
      120
    </span>
  </div>
</Tempo>
`;

exports[`Tempo isPortrait = false MouseEvent mouseDown 1`] = `
<Tempo
  isHandlerEnabled={true}
  maxDelta={100}
  range={
    Object {
      "from": 50,
      "to": 200,
    }
  }
  role="from"
  tempo={80}
>
  <div
    className="from"
    onMouseDown={[Function]}
    onMouseMove={[Function]}
    onMouseUp={[Function]}
    onTouchEnd={[Function]}
    onTouchMove={[Function]}
    onTouchStart={[Function]}
  >
    <span
      className="tempoValue"
    >
      80
    </span>
  </div>
</Tempo>
`;

exports[`Tempo isPortrait = false MouseEvent toggleHandler() * 2 => mouseDown => mouseMove => mouseUp 1`] = `
<Tempo
  isHandlerEnabled={true}
  maxDelta={100}
  range={
    Object {
      "from": 50,
      "to": 200,
    }
  }
  role="from"
  tempo={80}
>
  <div
    className="from"
    onMouseDown={[Function]}
    onMouseMove={[Function]}
    onMouseUp={[Function]}
    onTouchEnd={[Function]}
    onTouchMove={[Function]}
    onTouchStart={[Function]}
  >
    <span
      className="tempoValue"
    >
      120
    </span>
  </div>
</Tempo>
`;

exports[`Tempo isPortrait = false MouseEvent toggleHandler() => mouseDown => mouseMove => mouseUp 1`] = `
<Tempo
  isHandlerEnabled={true}
  maxDelta={100}
  range={
    Object {
      "from": 50,
      "to": 200,
    }
  }
  role="from"
  tempo={80}
>
  <div
    className="from"
    onMouseDown={[Function]}
    onMouseMove={[Function]}
    onMouseUp={[Function]}
    onTouchEnd={[Function]}
    onTouchMove={[Function]}
    onTouchStart={[Function]}
  >
    <span
      className="tempoValue"
    >
      80
    </span>
  </div>
</Tempo>
`;

exports[`Tempo isPortrait = false TouchEvent toggleHandler() * 2 => touchStart => touchMove => touchEnd 1`] = `
<Tempo
  isHandlerEnabled={true}
  maxDelta={100}
  range={
    Object {
      "from": 50,
      "to": 200,
    }
  }
  role="from"
  tempo={80}
>
  <div
    className="from"
    onMouseDown={[Function]}
    onMouseMove={[Function]}
    onMouseUp={[Function]}
    onTouchEnd={[Function]}
    onTouchMove={[Function]}
    onTouchStart={[Function]}
  >
    <span
      className="tempoValue"
    >
      120
    </span>
  </div>
</Tempo>
`;

exports[`Tempo isPortrait = false TouchEvent toggleHandler() => touchStart => touchMove => touchEnd 1`] = `
<Tempo
  isHandlerEnabled={true}
  maxDelta={100}
  range={
    Object {
      "from": 50,
      "to": 200,
    }
  }
  role="from"
  tempo={80}
>
  <div
    className="from"
    onMouseDown={[Function]}
    onMouseMove={[Function]}
    onMouseUp={[Function]}
    onTouchEnd={[Function]}
    onTouchMove={[Function]}
    onTouchStart={[Function]}
  >
    <span
      className="tempoValue"
    >
      80
    </span>
  </div>
</Tempo>
`;

exports[`Tempo isPortrait = false TouchEvent touchStart => touchMove => touchEnd 1`] = `
<Tempo
  isHandlerEnabled={true}
  maxDelta={100}
  range={
    Object {
      "from": 50,
      "to": 200,
    }
  }
  role="from"
  tempo={80}
>
  <div
    className="from"
    onMouseDown={[Function]}
    onMouseMove={[Function]}
    onMouseUp={[Function]}
    onTouchEnd={[Function]}
    onTouchMove={[Function]}
    onTouchStart={[Function]}
  >
    <span
      className="tempoValue"
    >
      120
    </span>
  </div>
</Tempo>
`;

exports[`Tempo isPortrait = false TouchEvent touchStart => touchMove 1`] = `
<Tempo
  isHandlerEnabled={true}
  maxDelta={100}
  range={
    Object {
      "from": 50,
      "to": 200,
    }
  }
  role="from"
  tempo={80}
>
  <div
    className="from"
    onMouseDown={[Function]}
    onMouseMove={[Function]}
    onMouseUp={[Function]}
    onTouchEnd={[Function]}
    onTouchMove={[Function]}
    onTouchStart={[Function]}
  >
    <span
      className="tempoValue"
    >
      120
    </span>
  </div>
</Tempo>
`;

exports[`Tempo isPortrait = false TouchEvent touchStart 1`] = `
<Tempo
  isHandlerEnabled={true}
  maxDelta={100}
  range={
    Object {
      "from": 50,
      "to": 200,
    }
  }
  role="from"
  tempo={80}
>
  <div
    className="from"
    onMouseDown={[Function]}
    onMouseMove={[Function]}
    onMouseUp={[Function]}
    onTouchEnd={[Function]}
    onTouchMove={[Function]}
    onTouchStart={[Function]}
  >
    <span
      className="tempoValue"
    >
      80
    </span>
  </div>
</Tempo>
`;

exports[`Tempo isPortrait = false changes tempo 1`] = `
<Tempo
  isHandlerEnabled={true}
  maxDelta={100}
  range={
    Object {
      "from": 50,
      "to": 200,
    }
  }
  role="from"
  tempo={80}
>
  <div
    className="from"
    onMouseDown={[Function]}
    onMouseMove={[Function]}
    onMouseUp={[Function]}
    onTouchEnd={[Function]}
    onTouchMove={[Function]}
    onTouchStart={[Function]}
  >
    <span
      className="tempoValue"
    >
      80
    </span>
  </div>
</Tempo>
`;

exports[`Tempo isPortrait = false normalize tempo to max when passed value is more than than max 1`] = `
<Tempo
  isHandlerEnabled={true}
  maxDelta={100}
  range={
    Object {
      "from": 50,
      "to": 200,
    }
  }
  role="from"
  tempo={80}
>
  <div
    className="from"
    onMouseDown={[Function]}
    onMouseMove={[Function]}
    onMouseUp={[Function]}
    onTouchEnd={[Function]}
    onTouchMove={[Function]}
    onTouchStart={[Function]}
  >
    <span
      className="tempoValue"
    >
      80
    </span>
  </div>
</Tempo>
`;

exports[`Tempo isPortrait = false normalize tempo to min when passed value is less than than min 1`] = `
<Tempo
  isHandlerEnabled={true}
  maxDelta={100}
  range={
    Object {
      "from": 50,
      "to": 200,
    }
  }
  role="from"
  tempo={80}
>
  <div
    className="from"
    onMouseDown={[Function]}
    onMouseMove={[Function]}
    onMouseUp={[Function]}
    onTouchEnd={[Function]}
    onTouchMove={[Function]}
    onTouchStart={[Function]}
  >
    <span
      className="tempoValue"
    >
      80
    </span>
  </div>
</Tempo>
`;

exports[`Tempo isPortrait = false returns current tempo 1`] = `
<Tempo
  isHandlerEnabled={true}
  maxDelta={100}
  range={
    Object {
      "from": 50,
      "to": 200,
    }
  }
  role="from"
  tempo={80}
>
  <div
    className="from"
    onMouseDown={[Function]}
    onMouseMove={[Function]}
    onMouseUp={[Function]}
    onTouchEnd={[Function]}
    onTouchMove={[Function]}
    onTouchStart={[Function]}
  >
    <span
      className="tempoValue"
    >
      80
    </span>
  </div>
</Tempo>
`;

exports[`Tempo isPortrait = true MouseEvent mouseDown => mouseMove => mouseUp 1`] = `
<Tempo
  isHandlerEnabled={true}
  maxDelta={100}
  range={
    Object {
      "from": 50,
      "to": 200,
    }
  }
  role="from"
  tempo={80}
>
  <div
    className="from"
    onMouseDown={[Function]}
    onMouseMove={[Function]}
    onMouseUp={[Function]}
    onTouchEnd={[Function]}
    onTouchMove={[Function]}
    onTouchStart={[Function]}
  >
    <span
      className="tempoValue"
    >
      120
    </span>
  </div>
</Tempo>
`;

exports[`Tempo isPortrait = true MouseEvent mouseDown => mouseMove 1`] = `
<Tempo
  isHandlerEnabled={true}
  maxDelta={100}
  range={
    Object {
      "from": 50,
      "to": 200,
    }
  }
  role="from"
  tempo={80}
>
  <div
    className="from"
    onMouseDown={[Function]}
    onMouseMove={[Function]}
    onMouseUp={[Function]}
    onTouchEnd={[Function]}
    onTouchMove={[Function]}
    onTouchStart={[Function]}
  >
    <span
      className="tempoValue"
    >
      120
    </span>
  </div>
</Tempo>
`;

exports[`Tempo isPortrait = true MouseEvent mouseDown 1`] = `
<Tempo
  isHandlerEnabled={true}
  maxDelta={100}
  range={
    Object {
      "from": 50,
      "to": 200,
    }
  }
  role="from"
  tempo={80}
>
  <div
    className="from"
    onMouseDown={[Function]}
    onMouseMove={[Function]}
    onMouseUp={[Function]}
    onTouchEnd={[Function]}
    onTouchMove={[Function]}
    onTouchStart={[Function]}
  >
    <span
      className="tempoValue"
    >
      80
    </span>
  </div>
</Tempo>
`;

exports[`Tempo isPortrait = true MouseEvent toggleHandler() * 2 => mouseDown => mouseMove => mouseUp 1`] = `
<Tempo
  isHandlerEnabled={true}
  maxDelta={100}
  range={
    Object {
      "from": 50,
      "to": 200,
    }
  }
  role="from"
  tempo={80}
>
  <div
    className="from"
    onMouseDown={[Function]}
    onMouseMove={[Function]}
    onMouseUp={[Function]}
    onTouchEnd={[Function]}
    onTouchMove={[Function]}
    onTouchStart={[Function]}
  >
    <span
      className="tempoValue"
    >
      120
    </span>
  </div>
</Tempo>
`;

exports[`Tempo isPortrait = true MouseEvent toggleHandler() => mouseDown => mouseMove => mouseUp 1`] = `
<Tempo
  isHandlerEnabled={true}
  maxDelta={100}
  range={
    Object {
      "from": 50,
      "to": 200,
    }
  }
  role="from"
  tempo={80}
>
  <div
    className="from"
    onMouseDown={[Function]}
    onMouseMove={[Function]}
    onMouseUp={[Function]}
    onTouchEnd={[Function]}
    onTouchMove={[Function]}
    onTouchStart={[Function]}
  >
    <span
      className="tempoValue"
    >
      80
    </span>
  </div>
</Tempo>
`;

exports[`Tempo isPortrait = true TouchEvent toggleHandler() * 2 => touchStart => touchMove => touchEnd 1`] = `
<Tempo
  isHandlerEnabled={true}
  maxDelta={100}
  range={
    Object {
      "from": 50,
      "to": 200,
    }
  }
  role="from"
  tempo={80}
>
  <div
    className="from"
    onMouseDown={[Function]}
    onMouseMove={[Function]}
    onMouseUp={[Function]}
    onTouchEnd={[Function]}
    onTouchMove={[Function]}
    onTouchStart={[Function]}
  >
    <span
      className="tempoValue"
    >
      120
    </span>
  </div>
</Tempo>
`;

exports[`Tempo isPortrait = true TouchEvent toggleHandler() => touchStart => touchMove => touchEnd 1`] = `
<Tempo
  isHandlerEnabled={true}
  maxDelta={100}
  range={
    Object {
      "from": 50,
      "to": 200,
    }
  }
  role="from"
  tempo={80}
>
  <div
    className="from"
    onMouseDown={[Function]}
    onMouseMove={[Function]}
    onMouseUp={[Function]}
    onTouchEnd={[Function]}
    onTouchMove={[Function]}
    onTouchStart={[Function]}
  >
    <span
      className="tempoValue"
    >
      80
    </span>
  </div>
</Tempo>
`;

exports[`Tempo isPortrait = true TouchEvent touchStart => touchMove => touchEnd 1`] = `
<Tempo
  isHandlerEnabled={true}
  maxDelta={100}
  range={
    Object {
      "from": 50,
      "to": 200,
    }
  }
  role="from"
  tempo={80}
>
  <div
    className="from"
    onMouseDown={[Function]}
    onMouseMove={[Function]}
    onMouseUp={[Function]}
    onTouchEnd={[Function]}
    onTouchMove={[Function]}
    onTouchStart={[Function]}
  >
    <span
      className="tempoValue"
    >
      120
    </span>
  </div>
</Tempo>
`;

exports[`Tempo isPortrait = true TouchEvent touchStart => touchMove 1`] = `
<Tempo
  isHandlerEnabled={true}
  maxDelta={100}
  range={
    Object {
      "from": 50,
      "to": 200,
    }
  }
  role="from"
  tempo={80}
>
  <div
    className="from"
    onMouseDown={[Function]}
    onMouseMove={[Function]}
    onMouseUp={[Function]}
    onTouchEnd={[Function]}
    onTouchMove={[Function]}
    onTouchStart={[Function]}
  >
    <span
      className="tempoValue"
    >
      120
    </span>
  </div>
</Tempo>
`;

exports[`Tempo isPortrait = true TouchEvent touchStart 1`] = `
<Tempo
  isHandlerEnabled={true}
  maxDelta={100}
  range={
    Object {
      "from": 50,
      "to": 200,
    }
  }
  role="from"
  tempo={80}
>
  <div
    className="from"
    onMouseDown={[Function]}
    onMouseMove={[Function]}
    onMouseUp={[Function]}
    onTouchEnd={[Function]}
    onTouchMove={[Function]}
    onTouchStart={[Function]}
  >
    <span
      className="tempoValue"
    >
      80
    </span>
  </div>
</Tempo>
`;

exports[`Tempo isPortrait = true changes tempo 1`] = `
<Tempo
  isHandlerEnabled={true}
  maxDelta={100}
  range={
    Object {
      "from": 50,
      "to": 200,
    }
  }
  role="from"
  tempo={80}
>
  <div
    className="from"
    onMouseDown={[Function]}
    onMouseMove={[Function]}
    onMouseUp={[Function]}
    onTouchEnd={[Function]}
    onTouchMove={[Function]}
    onTouchStart={[Function]}
  >
    <span
      className="tempoValue"
    >
      80
    </span>
  </div>
</Tempo>
`;

exports[`Tempo isPortrait = true normalize tempo to max when passed value is more than than max 1`] = `
<Tempo
  isHandlerEnabled={true}
  maxDelta={100}
  range={
    Object {
      "from": 50,
      "to": 200,
    }
  }
  role="from"
  tempo={80}
>
  <div
    className="from"
    onMouseDown={[Function]}
    onMouseMove={[Function]}
    onMouseUp={[Function]}
    onTouchEnd={[Function]}
    onTouchMove={[Function]}
    onTouchStart={[Function]}
  >
    <span
      className="tempoValue"
    >
      80
    </span>
  </div>
</Tempo>
`;

exports[`Tempo isPortrait = true normalize tempo to min when passed value is less than than min 1`] = `
<Tempo
  isHandlerEnabled={true}
  maxDelta={100}
  range={
    Object {
      "from": 50,
      "to": 200,
    }
  }
  role="from"
  tempo={80}
>
  <div
    className="from"
    onMouseDown={[Function]}
    onMouseMove={[Function]}
    onMouseUp={[Function]}
    onTouchEnd={[Function]}
    onTouchMove={[Function]}
    onTouchStart={[Function]}
  >
    <span
      className="tempoValue"
    >
      80
    </span>
  </div>
</Tempo>
`;

exports[`Tempo isPortrait = true returns current tempo 1`] = `
<Tempo
  isHandlerEnabled={true}
  maxDelta={100}
  range={
    Object {
      "from": 50,
      "to": 200,
    }
  }
  role="from"
  tempo={80}
>
  <div
    className="from"
    onMouseDown={[Function]}
    onMouseMove={[Function]}
    onMouseUp={[Function]}
    onTouchEnd={[Function]}
    onTouchMove={[Function]}
    onTouchStart={[Function]}
  >
    <span
      className="tempoValue"
    >
      80
    </span>
  </div>
</Tempo>
`;
