// Jest Snapshot v1, https://goo.gl/fbAQLP

exports[`Ring change value by MouseEvent mouseDown => mouseMove => mouseUp 1`] = `
<Ring>
  <div
    className="ring"
  >
    <svg>
      <defs>
        <radialGradient
          gradientUnits="userSpaceOnUse"
          id="maskGradient"
          spreadMethod="reflect"
        >
          <stop
            offset="30%"
          />
          <stop
            offset="100%"
          />
        </radialGradient>
      </defs>
      <circle
        className="remaining"
      />
      <circle
        className="mask"
        stroke="url(#maskGradient)"
        strokeDasharray="227.76546738526 911.06186954104"
      />
      <circle
        className="tapArea"
        data-testid="ring-taparea"
        onMouseDown={[Function]}
        onTouchEnd={[Function]}
        onTouchMove={[Function]}
        onTouchStart={[Function]}
      />
      <circle
        className="tapAreaMask"
      />
    </svg>
    <div
      className="globalTapArea"
      data-is-bubbled={false}
      data-testid="ring-global-taparea"
      onMouseMove={[Function]}
      onMouseUp={[Function]}
    />
  </div>
</Ring>
`;

exports[`Ring change value by MouseEvent mouseDown => mouseMove 1`] = `
<Ring>
  <div
    className="ring"
  >
    <svg>
      <defs>
        <radialGradient
          gradientUnits="userSpaceOnUse"
          id="maskGradient"
          spreadMethod="reflect"
        >
          <stop
            offset="30%"
          />
          <stop
            offset="100%"
          />
        </radialGradient>
      </defs>
      <circle
        className="remaining"
      />
      <circle
        className="mask"
        stroke="url(#maskGradient)"
        strokeDasharray="227.76546738526 911.06186954104"
      />
      <circle
        className="tapArea"
        data-testid="ring-taparea"
        onMouseDown={[Function]}
        onTouchEnd={[Function]}
        onTouchMove={[Function]}
        onTouchStart={[Function]}
      />
      <circle
        className="tapAreaMask"
      />
    </svg>
    <div
      className="globalTapArea"
      data-is-bubbled={true}
      data-testid="ring-global-taparea"
      onMouseMove={[Function]}
      onMouseUp={[Function]}
    />
  </div>
</Ring>
`;

exports[`Ring change value by MouseEvent mouseDown 1`] = `
<Ring>
  <div
    className="ring"
  >
    <svg>
      <defs>
        <radialGradient
          gradientUnits="userSpaceOnUse"
          id="maskGradient"
          spreadMethod="reflect"
        >
          <stop
            offset="30%"
          />
          <stop
            offset="100%"
          />
        </radialGradient>
      </defs>
      <circle
        className="remaining"
      />
      <circle
        className="mask"
        stroke="url(#maskGradient)"
        strokeDasharray="455.53093477052 911.06186954104"
      />
      <circle
        className="tapArea"
        data-testid="ring-taparea"
        onMouseDown={[Function]}
        onTouchEnd={[Function]}
        onTouchMove={[Function]}
        onTouchStart={[Function]}
      />
      <circle
        className="tapAreaMask"
      />
    </svg>
    <div
      className="globalTapArea"
      data-is-bubbled={true}
      data-testid="ring-global-taparea"
      onMouseMove={[Function]}
      onMouseUp={[Function]}
    />
  </div>
</Ring>
`;

exports[`Ring change value by MouseEvent mouseMove 1`] = `
<Ring>
  <div
    className="ring"
  >
    <svg>
      <defs>
        <radialGradient
          gradientUnits="userSpaceOnUse"
          id="maskGradient"
          spreadMethod="reflect"
        >
          <stop
            offset="30%"
          />
          <stop
            offset="100%"
          />
        </radialGradient>
      </defs>
      <circle
        className="remaining"
      />
      <circle
        className="mask"
        stroke="url(#maskGradient)"
        strokeDasharray="0 911.06186954104"
      />
      <circle
        className="tapArea"
        data-testid="ring-taparea"
        onMouseDown={[Function]}
        onTouchEnd={[Function]}
        onTouchMove={[Function]}
        onTouchStart={[Function]}
      />
      <circle
        className="tapAreaMask"
      />
    </svg>
    <div
      className="globalTapArea"
      data-is-bubbled={false}
      data-testid="ring-global-taparea"
      onMouseMove={[Function]}
      onMouseUp={[Function]}
    />
  </div>
</Ring>
`;
